mikoxp@mikoxp:~/pokaz/pwsz-exam2-git$ git checkout feature/
error: pathspec 'feature/' did not match any file(s) known to git.
mikoxp@mikoxp:~/pokaz/pwsz-exam2-git$ git checkout feature/subtract 
Already on 'feature/subtract'
Your branch is up-to-date with 'origin/feature/subtract'.
mikoxp@mikoxp:~/pokaz/pwsz-exam2-git$ git checkout feature/ping-pong 
Branch feature/ping-pong set up to track remote branch feature/ping-pong from origin.
Switched to a new branch 'feature/ping-pong'
mikoxp@mikoxp:~/pokaz/pwsz-exam2-git$ git checkout master 
Branch master set up to track remote branch master from origin.
Switched to a new branch 'master'
mikoxp@mikoxp:~/pokaz/pwsz-exam2-git$ git branch
  feature/ping-pong
  feature/subtract
* master
mikoxp@mikoxp:~/pokaz/pwsz-exam2-git$ 
________________________________________________
mikoxp@mikoxp:~/pokaz/pwsz-exam2-git$ git merge --no-ff feature/subtract 
Auto-merging spec/calculator.spec.js
CONFLICT (add/add): Merge conflict in spec/calculator.spec.js
Auto-merging package.json
CONFLICT (add/add): Merge conflict in package.json
Auto-merging app/calculator.js
CONFLICT (add/add): Merge conflict in app/calculator.js
Automatic merge failed; fix conflicts and then commit the result.
mikoxp@mikoxp:~/pokaz/pwsz-exam2-git$ ^C
mikoxp@mikoxp:~/pokaz/pwsz-exam2-git$ 
-----------------------------------------------------rozwiaz konflikty w idei  
1.znajdz czerwony plik
2.prawy git/resolf conflikt
3.w oknie klikmij merge na kazdym pliku
4.git commit -m
_________________________________________________________
mikoxp@mikoxp:~/pokaz/pwsz-exam2-git$ git merge --ff-only feature/ping-pong 
Updating 82b18b8..fe3a0c9
Fast-forward
 app/pingpong.js       |  6 ++++++
 spec/pingpong.spec.js | 12 ++++++++++++
 2 files changed, 18 insertions(+)
 create mode 100644 app/pingpong.js
 create mode 100644 spec/pingpong.spec.js
mikoxp@mikoxp:~/pokaz/pwsz-exam2-git$ git status
On branch master
Your branch is ahead of 'origin/master' by 4 commits.
  (use "git push" to publish your local commits)

nothing to commit, working directory clean
mikoxp@mikoxp:~/pokaz/pwsz-exam2-git$ nano a.txt
mikoxp@mikoxp:~/pokaz/pwsz-exam2-git$ git status
On branch master
Your branch is ahead of 'origin/master' by 4 commits.
  (use "git push" to publish your local commits)

Untracked files:
  (use "git add <file>..." to include in what will be committed)

	a.txt

nothing added to commit but untracked files present (use "git add" to track)
mikoxp@mikoxp:~/pokaz/pwsz-exam2-git$ git add .
mikoxp@mikoxp:~/pokaz/pwsz-exam2-git$ nano b.txt
mikoxp@mikoxp:~/pokaz/pwsz-exam2-git$ git checkout -b nowy
A	a.txt
Switched to a new branch 'nowy'
mikoxp@mikoxp:~/pokaz/pwsz-exam2-git$ git status
On branch nowy
Changes to be committed:
  (use "git reset HEAD <file>..." to unstage)

	new file:   a.txt

Untracked files:
  (use "git add <file>..." to include in what will be committed)

	b.txt

mikoxp@mikoxp:~/pokaz/pwsz-exam2-git$ git add .
mikoxp@mikoxp:~/pokaz/pwsz-exam2-git$ git commit -m "a"
[nowy b6673f2] a
 2 files changed, 3 insertions(+)
 create mode 100644 a.txt
 create mode 100644 b.txt
mikoxp@mikoxp:~/pokaz/pwsz-exam2-git$ git status
On branch nowy
nothing to commit, working directory clean
mikoxp@mikoxp:~/pokaz/pwsz-exam2-git$ git checkout master 
Switched to branch 'master'
Your branch is ahead of 'origin/master' by 4 commits.
  (use "git push" to publish your local commits)
mikoxp@mikoxp:~/pokaz/pwsz-exam2-git$ git merge --ff-only nowy
Updating fe3a0c9..b6673f2
Fast-forward
 a.txt | 2 ++
 b.txt | 1 +
 2 files changed, 3 insertions(+)
 create mode 100644 a.txt
 create mode 100644 b.txt
mikoxp@mikoxp:~/pokaz/pwsz-exam2-git$ git status
On branch master
Your branch is ahead of 'origin/master' by 5 commits.
  (use "git push" to publish your local commits)

nothing to commit, working directory clean
mikoxp@mikoxp:~/pokaz/pwsz-exam2-git$ git status

